// Jest Snapshot v1, https://goo.gl/fbAQLP

exports[`list.vue renders correctly 1`] = `
<div>
  <div
    class="row g-4 py-5 row-cols-1 row-cols-lg-1"
  >
    
    
  </div>
</div>
`;
